###############################################################################
#
# IAR ELF Linker V3.11.1.207 for STM8                     28/Mar/2022  20:33:42
# Copyright 2010-2019 IAR Systems AB.
#
#    Output file  =  C:\Users\pokem\Documents\interrupt\Debug\Exe\interrupt.out
#    Map file     =  
#        C:\Users\pokem\Documents\interrupt\Debug\List\interrupt.map
#    Command line =  
#        -f C:\Users\pokem\AppData\Local\Temp\EW10E6.tmp
#        (C:\Users\pokem\Documents\interrupt\Debug\Obj\main.o --redirect
#        _Printf=_PrintfFullNoMb --redirect _Scanf=_ScanfFullNoMb
#        --no_out_extension -o
#        C:\Users\pokem\Documents\interrupt\Debug\Exe\interrupt.out --map
#        C:\Users\pokem\Documents\interrupt\Debug\List\interrupt.map --config
#        "C:\Program Files (x86)\IAR Systems\Embedded Workbench
#        8.3\stm8\config\lnkstm8s103f3.icf" --config_def _CSTACK_SIZE=0x100
#        --config_def _HEAP_SIZE=0x100 --entry __iar_program_start --debug_lib)
#
###############################################################################

*******************************************************************************
*** RUNTIME MODEL ATTRIBUTES
***

__SystemLibrary            = DLib
__code_model               = small
__core                     = stm8
__data_model               = medium
__dlib_file_descriptor     = 0
__dlib_full_locale_support = 0
__rt_version               = 4


*******************************************************************************
*** PLACEMENT SUMMARY
***

"A0":  place at start of [0x000000-0x0000ff] { rw section .vregs };
"A1":  place at end of [0x000000-0x0003ff] { block CSTACK };
"P2":  place in [from 0x000000 to 0x0003ff] {
          block HEAP, rw section __DLIB_PERTHREAD, rw section .far.bss,
          rw section .far.data, rw section .far.noinit,
          rw section .far_func.textrw, rw section .huge.bss,
          rw section .huge.data, rw section .huge.noinit,
          rw section .huge_func.textrw, rw section .iar.dynexit,
          rw section .near.bss, rw section .near.data, rw section .near.noinit,
          rw section .near_func.textrw };
"A2":  place at start of [0x008000-0x009fff] { block INTVEC };
"P3":  place in [from 0x008000 to 0x009fff] {
          ro section __DLIB_PERTHREAD_init, ro section .far.data_init,
          ro section .far_func.textrw_init, ro section .huge.data_init,
          ro section .huge_func.textrw_init, ro section .iar.init_table,
          ro section .init_array, ro section .near.data_init,
          ro section .near.rodata, ro section .near_func.text,
          ro section .near_func.textrw_init, ro section .tiny.data_init,
          ro section .tiny.rodata_init };
"P4":  place in [from 0x008000 to 0x009fff] {
          ro section .far.rodata, ro section .far_func.text };
"P5":  place in [from 0x008000 to 0x009fff] {
          ro section .huge.rodata, ro section .huge_func.text };
do not initialize {
   rw section .eeprom.noinit, rw section .far.noinit, rw section .huge.noinit,
   rw section .near.noinit, rw section .tiny.noinit, rw section .vregs };

No sections matched the following patterns:

  ro section .far.data_init          in "P3-P5"
  ro section .far.rodata             in "P3-P5"
  ro section .far_func.text          in "P3-P5"
  ro section .far_func.textrw_init   in "P3-P5"
  ro section .huge.data_init         in "P3-P5"
  ro section .huge.rodata            in "P3-P5"
  ro section .huge_func.text         in "P3-P5"
  ro section .huge_func.textrw_init  in "P3-P5"
  ro section .iar.init_table         in "P3-P5"
  ro section .init_array             in "P3-P5"
  ro section .near.data_init         in "P3-P5"
  ro section .near.rodata            in "P3-P5"
  ro section .near_func.textrw_init  in "P3-P5"
  ro section .tiny.data_init         in "P3-P5"
  ro section .tiny.rodata_init       in "P3-P5"
  ro section __DLIB_PERTHREAD_init   in "P3-P5"
  rw section .far.bss                in "P2"
  rw section .far.data               in "P2"
  rw section .far.noinit             in "P2"
  rw section .far_func.textrw        in "P2"
  rw section .huge.bss               in "P2"
  rw section .huge.data              in "P2"
  rw section .huge.noinit            in "P2"
  rw section .huge_func.textrw       in "P2"
  rw section .iar.dynexit            in "P2"
  rw section .near.data              in "P2"
  rw section .near.noinit            in "P2"
  rw section .near_func.textrw       in "P2"
  rw section .tiny.bss               in "P1"
  rw section .tiny.data              in "P1"
  rw section .tiny.noinit            in "P1"
  rw section .tiny.rodata            in "P1"
  rw section __DLIB_PERTHREAD        in "P2"
  section .eeprom.data               in "P6-P8"
  section .eeprom.noinit             in "P6-P8"
  section .eeprom.rodata             in "P6-P8"


  Section          Kind      Address   Size  Object
  -------          ----      -------   ----  ------
"A0":                                   0xc
  .vregs           uninit   0x000000    0xc  vregs.o [4]
                          - 0x00000c    0xc

"P2":                                   0x4
  .near.bss        zero     0x00000c    0x4  main.o [1]
                          - 0x000010    0x4

"A1":                                 0x100
  CSTACK                    0x000300  0x100  <Block>
    CSTACK         uninit   0x000300  0x100  <Block tail>
                          - 0x000400  0x100

Absolute sections, part 1 of 12:        0x1
  .near.noinit     uninit   0x00500a    0x1  main.o [1]
                          - 0x00500b    0x1

Absolute sections, part 2 of 12:        0x4
  .near.noinit     uninit   0x00500c    0x1  main.o [1]
  .near.noinit     uninit   0x00500d    0x1  main.o [1]
  .near.noinit     uninit   0x00500e    0x1  main.o [1]
  .near.noinit     uninit   0x00500f    0x1  main.o [1]
                          - 0x005010    0x4

Absolute sections, part 3 of 12:        0x3
  .near.noinit     uninit   0x005011    0x1  main.o [1]
  .near.noinit     uninit   0x005012    0x1  main.o [1]
  .near.noinit     uninit   0x005013    0x1  main.o [1]
                          - 0x005014    0x3

Absolute sections, part 4 of 12:        0x2
  .near.noinit     uninit   0x0050a0    0x1  main.o [1]
  .near.noinit     uninit   0x0050a1    0x1  main.o [1]
                          - 0x0050a2    0x2

Absolute sections, part 5 of 12:        0x2
  .near.noinit     uninit   0x0050c0    0x1  main.o [1]
  .near.noinit     uninit   0x0050c1    0x1  main.o [1]
                          - 0x0050c2    0x2

Absolute sections, part 6 of 12:        0x4
  .near.noinit     uninit   0x0050c4    0x1  main.o [1]
  .near.noinit     uninit   0x0050c5    0x1  main.o [1]
  .near.noinit     uninit   0x0050c6    0x1  main.o [1]
  .near.noinit     uninit   0x0050c7    0x1  main.o [1]
                          - 0x0050c8    0x4

Absolute sections, part 7 of 12:        0x2
  .near.noinit     uninit   0x0050c9    0x1  main.o [1]
  .near.noinit     uninit   0x0050ca    0x1  main.o [1]
                          - 0x0050cb    0x2

Absolute sections, part 8 of 12:        0x2
  .near.noinit     uninit   0x0050cc    0x1  main.o [1]
  .near.noinit     uninit   0x0050cd    0x1  main.o [1]
                          - 0x0050ce    0x2

Absolute sections, part 9 of 12:        0x1
  .near.noinit     uninit   0x005300    0x1  main.o [1]
                          - 0x005301    0x1

Absolute sections, part 10 of 12:       0x2
  .near.noinit     uninit   0x005303    0x1  main.o [1]
  .near.noinit     uninit   0x005304    0x1  main.o [1]
                          - 0x005305    0x2

Absolute sections, part 11 of 12:       0x3
  .near.noinit     uninit   0x00530e    0x1  main.o [1]
  .near.noinit     uninit   0x00530f    0x1  main.o [1]
  .near.noinit     uninit   0x005310    0x1  main.o [1]
                          - 0x005311    0x3

Absolute sections, part 12 of 12:       0x1
  .near.noinit     uninit   0x007f71    0x1  main.o [1]
                          - 0x007f72    0x1

"A2":                                  0x80
  INTVEC                    0x008000   0x80  <Block>
    .intvec        const    0x008000   0x80  interrupt.o [4]
                          - 0x008080   0x80

"P3-P5":                              0x23b
  .near_func.text  ro code  0x008080   0x6c  main.o [1]
  .near_func.text  ro code  0x0080ec   0x6a  vreg_util.o [4]
  .near_func.text  ro code  0x008156   0x40  main.o [1]
  .near_func.text  ro code  0x008196   0x2c  main.o [1]
  .near_func.text  ro code  0x0081c2   0x29  main.o [1]
  .iar.init_table  const    0x0081eb    0x8  - Linker created -
  .near_func.text  ro code  0x0081f3   0x1e  long.o [4]
  .near_func.text  ro code  0x008211   0x1e  init_small.o [4]
  .near_func.text  ro code  0x00822f   0x1a  long_util.o [4]
  .near_func.text  ro code  0x008249   0x17  main.o [1]
  .near_func.text  ro code  0x008260   0x14  init.o [4]
  .near_func.text  ro code  0x008274   0x14  __dbg_xxexit.o [3]
  .near_func.text  ro code  0x008288   0x13  cstartup.o [4]
  .near_func.text  ro code  0x00829b    0xe  main.o [1]
  .near_func.text  ro code  0x0082a9    0x5  cexit.o [4]
  .near_func.text  ro code  0x0082ae    0x3  interrupt.o [4]
  .near_func.text  ro code  0x0082b1    0x3  low_level_init.o [4]
  .near_func.text  ro code  0x0082b4    0x3  exit.o [4]
  .near_func.text  ro code  0x0082b7    0x3  unhandled_exception.o [4]
  .near_func.text  ro code  0x0082ba    0x1  __dbg_break.o [3]
                          - 0x0082bb  0x23b


*******************************************************************************
*** INIT TABLE
***

          Address   Size
          -------   ----
Zero (__iar_zero_init2)
    1 destination range, total size 0x4:
          0x00000c   0x4



*******************************************************************************
*** MODULE SUMMARY
***

    Module                 ro code  ro data  rw data  rw data
                                                       (abs)
    ------                 -------  -------  -------  -------
C:\Users\pokem\Documents\interrupt\Debug\Obj: [1]
    main.o                     294                 4       27
    ---------------------------------------------------------
    Total:                     294                 4       27

command line: [2]
    ---------------------------------------------------------
    Total:

dbgstm8smd.a: [3]
    __dbg_break.o                1
    __dbg_xxexit.o              20
    ---------------------------------------------------------
    Total:                      21

dlstm8smn.a: [4]
    cexit.o                      5
    cstartup.o                  19
    exit.o                       3
    init.o                      20
    init_small.o                30
    interrupt.o                  3      128
    long.o                      30
    long_util.o                 26
    low_level_init.o             3
    unhandled_exception.o        3
    vreg_util.o                106
    vregs.o                                       12
    ---------------------------------------------------------
    Total:                     248      128       12

    Linker created                        8      256
-------------------------------------------------------------
    Grand Total:               563      136      272       27


*******************************************************************************
*** ENTRY LIST
***

Entry                    Address  Size  Type      Object
-----                    -------  ----  ----      ------
.iar.init_table$$Base   0x0081eb         --   Gb  - Linker created -
.iar.init_table$$Limit  0x0081f3         --   Gb  - Linker created -
?b0                     0x000000        Data  Gb  vregs.o [4]
?b1                     0x000001        Data  Gb  vregs.o [4]
?b10                    0x00000a        Data  Gb  vregs.o [4]
?b11                    0x00000b        Data  Gb  vregs.o [4]
?b2                     0x000002        Data  Gb  vregs.o [4]
?b3                     0x000003        Data  Gb  vregs.o [4]
?b4                     0x000004        Data  Gb  vregs.o [4]
?b5                     0x000005        Data  Gb  vregs.o [4]
?b6                     0x000006        Data  Gb  vregs.o [4]
?b7                     0x000007        Data  Gb  vregs.o [4]
?b8                     0x000008        Data  Gb  vregs.o [4]
?b9                     0x000009        Data  Gb  vregs.o [4]
?e0                     0x000001        Data  Gb  vregs.o [4]
?e1                     0x000005        Data  Gb  vregs.o [4]
?e2                     0x000009        Data  Gb  vregs.o [4]
?inc32_0x_0x            0x0081f8        Code  Gb  long.o [4]
?inc32_l0_l0            0x0081f3        Code  Gb  long.o [4]
?l0                     0x000000        Data  Gb  vregs.o [4]
?l1                     0x000004        Data  Gb  vregs.o [4]
?l2                     0x000008        Data  Gb  vregs.o [4]
?load32_0x_l0           0x00823b        Code  Gb  long_util.o [4]
?load32_l0_0x           0x00822f        Code  Gb  long_util.o [4]
?mov_e1_e0              0x00814c        Code  Gb  vreg_util.o [4]
?mov_l1_l0              0x008149        Code  Gb  vreg_util.o [4]
?mov_w3_w1              0x00814f        Code  Gb  vreg_util.o [4]
?pop_l0                 0x00812b        Code  Gb  vreg_util.o [4]
?pop_l1                 0x008136        Code  Gb  vreg_util.o [4]
?push_l0                0x008104        Code  Gb  vreg_util.o [4]
?push_l1                0x008109        Code  Gb  vreg_util.o [4]
?push_w4                0x0080ec        Code  Gb  vreg_util.o [4]
?ucmp32_c_l0_l1         0x008206        Code  Gb  long.o [4]
?w0                     0x000000        Data  Gb  vregs.o [4]
?w1                     0x000002        Data  Gb  vregs.o [4]
?w2                     0x000004        Data  Gb  vregs.o [4]
?w3                     0x000006        Data  Gb  vregs.o [4]
?w4                     0x000008        Data  Gb  vregs.o [4]
?w5                     0x00000a        Data  Gb  vregs.o [4]
CLK_PCKENR1             0x0050c7   0x1  Data  Gb  main.o [1]
CLK_PCKENR2             0x0050ca   0x1  Data  Gb  main.o [1]
CLK_SWR                 0x0050c4   0x1  Data  Gb  main.o [1]
CSTACK$$Base            0x000300         --   Gb  - Linker created -
CSTACK$$Limit           0x000400         --   Gb  - Linker created -
EXTI_PORTC_IRQHandler   0x008196  0x2c  Code  Gb  main.o [1]
INTVEC$$Base            0x008000         --   Gb  - Linker created -
INTVEC$$Limit           0x008080         --   Gb  - Linker created -
Region$$Table$$Base     0x0081eb         --   Gb  - Linker created -
Region$$Table$$Limit    0x0081f3         --   Gb  - Linker created -
TIM2_ARRH               0x00530f   0x1  Data  Gb  main.o [1]
TIM2_ARRL               0x005310   0x1  Data  Gb  main.o [1]
TIM2_UPD_OVF_IRQHandler
                        0x0080b0  0x1a  Code  Gb  main.o [1]
_A_CLK_CCOR             0x0050c9   0x1  Data  Gb  main.o [1]
_A_CLK_CKDIVR           0x0050c6   0x1  Data  Gb  main.o [1]
_A_CLK_ECKR             0x0050c1   0x1  Data  Gb  main.o [1]
_A_CLK_HSITRIMR         0x0050cc   0x1  Data  Gb  main.o [1]
_A_CLK_ICKR             0x0050c0   0x1  Data  Gb  main.o [1]
_A_CLK_SWCR             0x0050c5   0x1  Data  Gb  main.o [1]
_A_CLK_SWIMCCR          0x0050cd   0x1  Data  Gb  main.o [1]
_A_EXTI_CR1             0x0050a0   0x1  Data  Gb  main.o [1]
_A_EXTI_CR2             0x0050a1   0x1  Data  Gb  main.o [1]
_A_ITC_SPR2             0x007f71   0x1  Data  Gb  main.o [1]
_A_PC_CR1               0x00500d   0x1  Data  Gb  main.o [1]
_A_PC_CR2               0x00500e   0x1  Data  Gb  main.o [1]
_A_PC_DDR               0x00500c   0x1  Data  Gb  main.o [1]
_A_PC_ODR               0x00500a   0x1  Data  Gb  main.o [1]
_A_PD_CR1               0x005012   0x1  Data  Gb  main.o [1]
_A_PD_CR2               0x005013   0x1  Data  Gb  main.o [1]
_A_PD_DDR               0x005011   0x1  Data  Gb  main.o [1]
_A_PD_ODR               0x00500f   0x1  Data  Gb  main.o [1]
_A_TIM2_CR1             0x005300   0x1  Data  Gb  main.o [1]
_A_TIM2_IER             0x005303   0x1  Data  Gb  main.o [1]
_A_TIM2_PSCR            0x00530e   0x1  Data  Gb  main.o [1]
_A_TIM2_SR1             0x005304   0x1  Data  Gb  main.o [1]
__DebugBreak            0x0082ba   0x1  Code  Gb  __dbg_break.o [3]
__exit                  0x008274  0x14  Code  Gb  __dbg_xxexit.o [3]
__iar_data_init2        0x008260  0x14  Code  Gb  init.o [4]
__iar_program_start     0x008288        Code  Gb  cstartup.o [4]
__iar_unhandled_exception
                        0x0082b7        Code  Gb  unhandled_exception.o [4]
__iar_zero_init2        0x008211        Code  Gb  init_small.o [4]
__intvec                0x008000        Data  Gb  interrupt.o [4]
__low_level_init        0x0082b1   0x3  Code  Gb  low_level_init.o [4]
_exit                   0x0082a9        Code  Gb  cexit.o [4]
_interrupt_15           0x0080b0        Code  Gb  main.o [1]
_interrupt_7            0x008196        Code  Gb  main.o [1]
delayms                 0x0080ca  0x22  Code  Gb  main.o [1]
disable_pc_interrupts   0x008085   0x5  Code  Gb  main.o [1]
disable_tim2            0x0080a7   0x9  Code  Gb  main.o [1]
enable_pc_interrupts    0x008080   0x5  Code  Gb  main.o [1]
exit                    0x0082b4   0x3  Code  Gb  exit.o [4]
init_gpio               0x0081c2  0x29  Code  Gb  main.o [1]
init_interrupts         0x008249  0x17  Code  Gb  main.o [1]
init_sysclk             0x008156  0x40  Code  Gb  main.o [1]
init_tim2               0x00808a  0x1d  Code  Gb  main.o [1]
main                    0x00829b   0xe  Code  Gb  main.o [1]
tim2_steps              0x00000c   0x4  Data  Gb  main.o [1]


[1] = C:\Users\pokem\Documents\interrupt\Debug\Obj
[2] = command line
[3] = dbgstm8smd.a
[4] = dlstm8smn.a

  563 bytes of readonly  code memory
  136 bytes of readonly  data memory
  272 bytes of readwrite data memory (+ 27 absolute)

Errors: none
Warnings: none
