###############################################################################
#
# IAR ELF Linker V3.11.1.207 for STM8                     01/Apr/2022  19:34:19
# Copyright 2010-2019 IAR Systems AB.
#
#    Output file  =  C:\Users\pokem\STM8-stuff\4Digit\Debug\Exe\digit.out
#    Map file     =  C:\Users\pokem\STM8-stuff\4Digit\Debug\List\digit.map
#    Command line =  
#        -f C:\Users\pokem\AppData\Local\Temp\EWDFA1.tmp
#        (C:\Users\pokem\STM8-stuff\4Digit\Debug\Obj\main.o --redirect
#        _Printf=_PrintfFullNoMb --redirect _Scanf=_ScanfFullNoMb
#        --no_out_extension -o
#        C:\Users\pokem\STM8-stuff\4Digit\Debug\Exe\digit.out --map
#        C:\Users\pokem\STM8-stuff\4Digit\Debug\List\digit.map --config
#        "C:\Program Files (x86)\IAR Systems\Embedded Workbench
#        8.3\stm8\config\lnkstm8s103f3.icf" --config_def _CSTACK_SIZE=0x100
#        --config_def _HEAP_SIZE=0x100 --entry __iar_program_start --debug_lib)
#
###############################################################################

*******************************************************************************
*** RUNTIME MODEL ATTRIBUTES
***

__SystemLibrary            = DLib
__code_model               = small
__core                     = stm8
__data_model               = medium
__dlib_file_descriptor     = 0
__dlib_full_locale_support = 0
__rt_version               = 4


*******************************************************************************
*** PLACEMENT SUMMARY
***

"A0":  place at start of [0x000000-0x0000ff] { rw section .vregs };
"A1":  place at end of [0x000000-0x0003ff] { block CSTACK };
"P2":  place in [from 0x000000 to 0x0003ff] {
          block HEAP, rw section __DLIB_PERTHREAD, rw section .far.bss,
          rw section .far.data, rw section .far.noinit,
          rw section .far_func.textrw, rw section .huge.bss,
          rw section .huge.data, rw section .huge.noinit,
          rw section .huge_func.textrw, rw section .iar.dynexit,
          rw section .near.bss, rw section .near.data, rw section .near.noinit,
          rw section .near_func.textrw };
"A2":  place at start of [0x008000-0x009fff] { block INTVEC };
"P3":  place in [from 0x008000 to 0x009fff] {
          ro section __DLIB_PERTHREAD_init, ro section .far.data_init,
          ro section .far_func.textrw_init, ro section .huge.data_init,
          ro section .huge_func.textrw_init, ro section .iar.init_table,
          ro section .init_array, ro section .near.data_init,
          ro section .near.rodata, ro section .near_func.text,
          ro section .near_func.textrw_init, ro section .tiny.data_init,
          ro section .tiny.rodata_init };
"P4":  place in [from 0x008000 to 0x009fff] {
          ro section .far.rodata, ro section .far_func.text };
"P5":  place in [from 0x008000 to 0x009fff] {
          ro section .huge.rodata, ro section .huge_func.text };
do not initialize {
   rw section .eeprom.noinit, rw section .far.noinit, rw section .huge.noinit,
   rw section .near.noinit, rw section .tiny.noinit, rw section .vregs };

No sections matched the following patterns:

  ro section .far.data_init          in "P3-P5"
  ro section .far.rodata             in "P3-P5"
  ro section .far_func.text          in "P3-P5"
  ro section .far_func.textrw_init   in "P3-P5"
  ro section .huge.data_init         in "P3-P5"
  ro section .huge.rodata            in "P3-P5"
  ro section .huge_func.text         in "P3-P5"
  ro section .huge_func.textrw_init  in "P3-P5"
  ro section .iar.init_table         in "P3-P5"
  ro section .init_array             in "P3-P5"
  ro section .near.data_init         in "P3-P5"
  ro section .near.rodata            in "P3-P5"
  ro section .near_func.textrw_init  in "P3-P5"
  ro section .tiny.data_init         in "P3-P5"
  ro section .tiny.rodata_init       in "P3-P5"
  ro section __DLIB_PERTHREAD_init   in "P3-P5"
  rw section .far.bss                in "P2"
  rw section .far.data               in "P2"
  rw section .far.noinit             in "P2"
  rw section .far_func.textrw        in "P2"
  rw section .huge.bss               in "P2"
  rw section .huge.data              in "P2"
  rw section .huge.noinit            in "P2"
  rw section .huge_func.textrw       in "P2"
  rw section .iar.dynexit            in "P2"
  rw section .near.data              in "P2"
  rw section .near.noinit            in "P2"
  rw section .near_func.textrw       in "P2"
  rw section .tiny.bss               in "P1"
  rw section .tiny.data              in "P1"
  rw section .tiny.noinit            in "P1"
  rw section .tiny.rodata            in "P1"
  rw section __DLIB_PERTHREAD        in "P2"
  section .eeprom.data               in "P6-P8"
  section .eeprom.noinit             in "P6-P8"
  section .eeprom.rodata             in "P6-P8"


  Section          Kind      Address   Size  Object
  -------          ----      -------   ----  ------
"A0":                                   0xc
  .vregs           uninit   0x000000    0xc  vregs.o [4]
                          - 0x00000c    0xc

"P2":                                   0x4
  .near.bss        zero     0x00000c    0x4  main.o [1]
                          - 0x000010    0x4

"A1":                                 0x100
  CSTACK                    0x000300  0x100  <Block>
    CSTACK         uninit   0x000300  0x100  <Block tail>
                          - 0x000400  0x100

Absolute sections, part 1 of 12:        0x1
  .near.noinit     uninit   0x005000    0x1  main.o [1]
                          - 0x005001    0x1

Absolute sections, part 2 of 12:        0x4
  .near.noinit     uninit   0x005002    0x1  main.o [1]
  .near.noinit     uninit   0x005003    0x1  main.o [1]
  .near.noinit     uninit   0x005004    0x1  main.o [1]
  .near.noinit     uninit   0x005005    0x1  main.o [1]
                          - 0x005006    0x4

Absolute sections, part 3 of 12:        0x4
  .near.noinit     uninit   0x005007    0x1  main.o [1]
  .near.noinit     uninit   0x005008    0x1  main.o [1]
  .near.noinit     uninit   0x005009    0x1  main.o [1]
  .near.noinit     uninit   0x00500a    0x1  main.o [1]
                          - 0x00500b    0x4

Absolute sections, part 4 of 12:        0x4
  .near.noinit     uninit   0x00500c    0x1  main.o [1]
  .near.noinit     uninit   0x00500d    0x1  main.o [1]
  .near.noinit     uninit   0x00500e    0x1  main.o [1]
  .near.noinit     uninit   0x00500f    0x1  main.o [1]
                          - 0x005010    0x4

Absolute sections, part 5 of 12:        0x3
  .near.noinit     uninit   0x005011    0x1  main.o [1]
  .near.noinit     uninit   0x005012    0x1  main.o [1]
  .near.noinit     uninit   0x005013    0x1  main.o [1]
                          - 0x005014    0x3

Absolute sections, part 6 of 12:        0x2
  .near.noinit     uninit   0x0050c0    0x1  main.o [1]
  .near.noinit     uninit   0x0050c1    0x1  main.o [1]
                          - 0x0050c2    0x2

Absolute sections, part 7 of 12:        0x4
  .near.noinit     uninit   0x0050c4    0x1  main.o [1]
  .near.noinit     uninit   0x0050c5    0x1  main.o [1]
  .near.noinit     uninit   0x0050c6    0x1  main.o [1]
  .near.noinit     uninit   0x0050c7    0x1  main.o [1]
                          - 0x0050c8    0x4

Absolute sections, part 8 of 12:        0x2
  .near.noinit     uninit   0x0050c9    0x1  main.o [1]
  .near.noinit     uninit   0x0050ca    0x1  main.o [1]
                          - 0x0050cb    0x2

Absolute sections, part 9 of 12:        0x2
  .near.noinit     uninit   0x0050cc    0x1  main.o [1]
  .near.noinit     uninit   0x0050cd    0x1  main.o [1]
                          - 0x0050ce    0x2

Absolute sections, part 10 of 12:       0x1
  .near.noinit     uninit   0x005300    0x1  main.o [1]
                          - 0x005301    0x1

Absolute sections, part 11 of 12:       0x2
  .near.noinit     uninit   0x005303    0x1  main.o [1]
  .near.noinit     uninit   0x005304    0x1  main.o [1]
                          - 0x005305    0x2

Absolute sections, part 12 of 12:       0x3
  .near.noinit     uninit   0x00530e    0x1  main.o [1]
  .near.noinit     uninit   0x00530f    0x1  main.o [1]
  .near.noinit     uninit   0x005310    0x1  main.o [1]
                          - 0x005311    0x3

"A2":                                  0x80
  INTVEC                    0x008000   0x80  <Block>
    .intvec        const    0x008000   0x80  interrupt.o [4]
                          - 0x008080   0x80

"P3-P5":                              0x4a4
  .near_func.text  ro code  0x008080  0x1b7  main.o [1]
  .near_func.text  ro code  0x008237   0xa6  long.o [4]
  .near_func.text  ro code  0x0082dd   0x6e  vreg_util.o [4]
  .near_func.text  ro code  0x00834b   0x47  main.o [1]
  .near_func.text  ro code  0x008392   0x41  main.o [1]
  .near_func.text  ro code  0x0083d3   0x40  main.o [1]
  .near_func.text  ro code  0x008413   0x26  long_util.o [4]
  .iar.init_table  const    0x008439    0x8  - Linker created -
  .near_func.text  ro code  0x008441   0x1f  main.o [1]
  .near_func.text  ro code  0x008460   0x1e  init_small.o [4]
  .near_func.text  ro code  0x00847e   0x1d  main.o [1]
  .near_func.text  ro code  0x00849b   0x1a  main.o [1]
  .near_func.text  ro code  0x0084b5   0x15  main.o [1]
  .near_func.text  ro code  0x0084ca   0x14  init.o [4]
  .near_func.text  ro code  0x0084de   0x14  __dbg_xxexit.o [3]
  .near_func.text  ro code  0x0084f2   0x13  cstartup.o [4]
  .near_func.text  ro code  0x008505    0xd  dc_util.o [4]
  .near_func.text  ro code  0x008512    0x5  cexit.o [4]
  .near_func.text  ro code  0x008517    0x3  interrupt.o [4]
  .near_func.text  ro code  0x00851a    0x3  low_level_init.o [4]
  .near_func.text  ro code  0x00851d    0x3  exit.o [4]
  .near_func.text  ro code  0x008520    0x3  unhandled_exception.o [4]
  .near_func.text  ro code  0x008523    0x1  __dbg_break.o [3]
                          - 0x008524  0x4a4


*******************************************************************************
*** INIT TABLE
***

          Address   Size
          -------   ----
Zero (__iar_zero_init2)
    1 destination range, total size 0x4:
          0x00000c   0x4



*******************************************************************************
*** MODULE SUMMARY
***

    Module                 ro code  ro data  rw data  rw data
                                                       (abs)
    ------                 -------  -------  -------  -------
C:\Users\pokem\STM8-stuff\4Digit\Debug\Obj: [1]
    main.o                     746                 4       32
    ---------------------------------------------------------
    Total:                     746                 4       32

command line: [2]
    ---------------------------------------------------------
    Total:

dbgstm8smd.a: [3]
    __dbg_break.o                1
    __dbg_xxexit.o              20
    ---------------------------------------------------------
    Total:                      21

dlstm8smn.a: [4]
    cexit.o                      5
    cstartup.o                  19
    dc_util.o                   13
    exit.o                       3
    init.o                      20
    init_small.o                30
    interrupt.o                  3      128
    long.o                     166
    long_util.o                 38
    low_level_init.o             3
    unhandled_exception.o        3
    vreg_util.o                110
    vregs.o                                       12
    ---------------------------------------------------------
    Total:                     413      128       12

    Linker created                        8      256
-------------------------------------------------------------
    Grand Total:             1 180      136      272       32


*******************************************************************************
*** ENTRY LIST
***

Entry                    Address   Size  Type      Object
-----                    -------   ----  ----      ------
.iar.init_table$$Base   0x008439          --   Gb  - Linker created -
.iar.init_table$$Limit  0x008441          --   Gb  - Linker created -
?add32_l0_l0_0x         0x00824a         Code  Gb  long.o [4]
?b0                     0x000000         Data  Gb  vregs.o [4]
?b1                     0x000001         Data  Gb  vregs.o [4]
?b10                    0x00000a         Data  Gb  vregs.o [4]
?b11                    0x00000b         Data  Gb  vregs.o [4]
?b2                     0x000002         Data  Gb  vregs.o [4]
?b3                     0x000003         Data  Gb  vregs.o [4]
?b4                     0x000004         Data  Gb  vregs.o [4]
?b5                     0x000005         Data  Gb  vregs.o [4]
?b6                     0x000006         Data  Gb  vregs.o [4]
?b7                     0x000007         Data  Gb  vregs.o [4]
?b8                     0x000008         Data  Gb  vregs.o [4]
?b9                     0x000009         Data  Gb  vregs.o [4]
?dc32_l1                0x008505         Code  Gb  dc_util.o [4]
?e0                     0x000001         Data  Gb  vregs.o [4]
?e1                     0x000005         Data  Gb  vregs.o [4]
?e2                     0x000009         Data  Gb  vregs.o [4]
?epilogue_l2            0x00833a         Code  Gb  vreg_util.o [4]
?inc32_0x_0x            0x00823c         Code  Gb  long.o [4]
?inc32_l0_l0            0x008237         Code  Gb  long.o [4]
?l0                     0x000000         Data  Gb  vregs.o [4]
?l1                     0x000004         Data  Gb  vregs.o [4]
?l2                     0x000008         Data  Gb  vregs.o [4]
?load32_0x_l0           0x00842b         Code  Gb  long_util.o [4]
?load32_l0_0x           0x008413         Code  Gb  long_util.o [4]
?load32_l1_0x           0x00841f         Code  Gb  long_util.o [4]
?mov_e1_e0              0x008341         Code  Gb  vreg_util.o [4]
?mov_l1_l0              0x00833e         Code  Gb  vreg_util.o [4]
?mov_w3_w1              0x008344         Code  Gb  vreg_util.o [4]
?pop_l0                 0x00831c         Code  Gb  vreg_util.o [4]
?pop_l2                 0x008327         Code  Gb  vreg_util.o [4]
?push_l0                0x0082f5         Code  Gb  vreg_util.o [4]
?push_l2                0x0082fa         Code  Gb  vreg_util.o [4]
?push_w4                0x0082dd         Code  Gb  vreg_util.o [4]
?ucmp32_c_l0_l1         0x0082d2         Code  Gb  long.o [4]
?udiv32_l0_l0_dl        0x008262         Code  Gb  long.o [4]
?udiv32_l0_l0_l1        0x008265         Code  Gb  long.o [4]
?umod32_l1_l0_l1        0x008265         Code  Gb  long.o [4]
?w0                     0x000000         Data  Gb  vregs.o [4]
?w1                     0x000002         Data  Gb  vregs.o [4]
?w2                     0x000004         Data  Gb  vregs.o [4]
?w3                     0x000006         Data  Gb  vregs.o [4]
?w4                     0x000008         Data  Gb  vregs.o [4]
?w5                     0x00000a         Data  Gb  vregs.o [4]
CLK_PCKENR1             0x0050c7    0x1  Data  Gb  main.o [1]
CLK_PCKENR2             0x0050ca    0x1  Data  Gb  main.o [1]
CLK_SWR                 0x0050c4    0x1  Data  Gb  main.o [1]
CSTACK$$Base            0x000300          --   Gb  - Linker created -
CSTACK$$Limit           0x000400          --   Gb  - Linker created -
INTVEC$$Base            0x008000          --   Gb  - Linker created -
INTVEC$$Limit           0x008080          --   Gb  - Linker created -
Region$$Table$$Base     0x008439          --   Gb  - Linker created -
Region$$Table$$Limit    0x008441          --   Gb  - Linker created -
TIM2_ARRH               0x00530f    0x1  Data  Gb  main.o [1]
TIM2_ARRL               0x005310    0x1  Data  Gb  main.o [1]
TIM2_UPD_OVF_IRQHandler
                        0x00849b   0x1a  Code  Gb  main.o [1]
_A_CLK_CCOR             0x0050c9    0x1  Data  Gb  main.o [1]
_A_CLK_CKDIVR           0x0050c6    0x1  Data  Gb  main.o [1]
_A_CLK_ECKR             0x0050c1    0x1  Data  Gb  main.o [1]
_A_CLK_HSITRIMR         0x0050cc    0x1  Data  Gb  main.o [1]
_A_CLK_ICKR             0x0050c0    0x1  Data  Gb  main.o [1]
_A_CLK_SWCR             0x0050c5    0x1  Data  Gb  main.o [1]
_A_CLK_SWIMCCR          0x0050cd    0x1  Data  Gb  main.o [1]
_A_PA_CR1               0x005003    0x1  Data  Gb  main.o [1]
_A_PA_CR2               0x005004    0x1  Data  Gb  main.o [1]
_A_PA_DDR               0x005002    0x1  Data  Gb  main.o [1]
_A_PA_ODR               0x005000    0x1  Data  Gb  main.o [1]
_A_PB_CR1               0x005008    0x1  Data  Gb  main.o [1]
_A_PB_CR2               0x005009    0x1  Data  Gb  main.o [1]
_A_PB_DDR               0x005007    0x1  Data  Gb  main.o [1]
_A_PB_ODR               0x005005    0x1  Data  Gb  main.o [1]
_A_PC_CR1               0x00500d    0x1  Data  Gb  main.o [1]
_A_PC_CR2               0x00500e    0x1  Data  Gb  main.o [1]
_A_PC_DDR               0x00500c    0x1  Data  Gb  main.o [1]
_A_PC_ODR               0x00500a    0x1  Data  Gb  main.o [1]
_A_PD_CR1               0x005012    0x1  Data  Gb  main.o [1]
_A_PD_CR2               0x005013    0x1  Data  Gb  main.o [1]
_A_PD_DDR               0x005011    0x1  Data  Gb  main.o [1]
_A_PD_ODR               0x00500f    0x1  Data  Gb  main.o [1]
_A_TIM2_CR1             0x005300    0x1  Data  Gb  main.o [1]
_A_TIM2_IER             0x005303    0x1  Data  Gb  main.o [1]
_A_TIM2_PSCR            0x00530e    0x1  Data  Gb  main.o [1]
_A_TIM2_SR1             0x005304    0x1  Data  Gb  main.o [1]
__DebugBreak            0x008523    0x1  Code  Gb  __dbg_break.o [3]
__exit                  0x0084de   0x14  Code  Gb  __dbg_xxexit.o [3]
__iar_data_init2        0x0084ca   0x14  Code  Gb  init.o [4]
__iar_program_start     0x0084f2         Code  Gb  cstartup.o [4]
__iar_unhandled_exception
                        0x008520         Code  Gb  unhandled_exception.o [4]
__iar_zero_init2        0x008460         Code  Gb  init_small.o [4]
__intvec                0x008000         Data  Gb  interrupt.o [4]
__low_level_init        0x00851a    0x3  Code  Gb  low_level_init.o [4]
_exit                   0x008512         Code  Gb  cexit.o [4]
_interrupt_15           0x00849b         Code  Gb  main.o [1]
delayms                 0x0084b5   0x15  Code  Gb  main.o [1]
display_digit           0x008080  0x1b7  Code  Gb  main.o [1]
display_num             0x00834b   0x47  Code  Gb  main.o [1]
exit                    0x00851d    0x3  Code  Gb  exit.o [4]
init_gpio               0x008392   0x41  Code  Gb  main.o [1]
init_sysclk             0x0083d3   0x40  Code  Gb  main.o [1]
init_tim2               0x00847e   0x1d  Code  Gb  main.o [1]
main                    0x008441   0x1f  Code  Gb  main.o [1]
tim2_steps              0x00000c    0x4  Data  Gb  main.o [1]


[1] = C:\Users\pokem\STM8-stuff\4Digit\Debug\Obj
[2] = command line
[3] = dbgstm8smd.a
[4] = dlstm8smn.a

  1 180 bytes of readonly  code memory
    136 bytes of readonly  data memory
    272 bytes of readwrite data memory (+ 32 absolute)

Errors: none
Warnings: none
